[
  {
    "file": "/Users/andersriutta/Sites/semver-bumper-for-file-text/test/inputs/sample-data/sample-OTHER.md",
    "filteredLineMap": {
      "0": "# Other README for sample-package-2.3.0"
    }
  },
  {
    "file": "/Users/andersriutta/Sites/semver-bumper-for-file-text/test/inputs/sample-data/sample-README.md",
    "filteredLineMap": {
      "0": "# sample-package-2.3.0",
      "1": "Sample description goes here. The production latest release is v2.3.0. (Oops, did you notice that? It looks as if someone forget to update a version number there, because it should be v2.3.0. The test should still find it.)",
      "8": "<script src=\"//example.com/lib/sample/sample-2.3.0.bundle.min.js\"></script>"
    }
  },
  {
    "file": "/Users/andersriutta/Sites/semver-bumper-for-file-text/test/inputs/sample-data/sub/sample-OTHER.md",
    "filteredLineMap": {
      "0": "# Other README for sample-package-2.3.0"
    }
  }
]
